2026-10-07 17:29:43.755 WARN  [,] [Quarkus Main Threadhread] io.qu.config - Unrecognized configuration key "quarkus.smallrye-messaging.tracing.enabled" was provided; it will be ignored; verify that the dependency extension for this configuration is set or that you did not make a typo
2026-10-07 17:29:43.756 WARN  [,] [Quarkus Main Threadhread] io.qu.config - Unrecognized configuration key "quarkus.hibernate-orm.health.enabled" was provided; it will be ignored; verify that the dependency extension for this configuration is set or that you did not make a typo
2026-10-07 17:29:43.756 WARN  [,] [Quarkus Main Threadhread] io.qu.config - Unrecognized configuration key "quarkus.vertx.http.response-header-tracing.enabled" was provided; it will be ignored; verify that the dependency extension for this configuration is set or that you did not make a typo
2026-10-07 17:29:43.756 WARN  [,] [Quarkus Main Threadhread] io.qu.config - Unrecognized configuration key "quarkus.smallrye-health.startup.path" was provided; it will be ignored; verify that the dependency extension for this configuration is set or that you did not make a typo
2026-10-07 17:29:43.757 WARN  [,] [Quarkus Main Threadhread] io.qu.config - Unrecognized configuration key "quarkus.log.console.json" was provided; it will be ignored; verify that the dependency extension for this configuration is set or that you did not make a typo
2026-10-07 17:29:43.757 WARN  [,] [Quarkus Main Threadhread] io.qu.config - Unrecognized configuration key "quarkus.otel.exporter.otlp.traces.enabled" was provided; it will be ignored; verify that the dependency extension for this configuration is set or that you did not make a typo
2026-10-07 17:29:43.757 WARN  [,] [Quarkus Main Threadhread] io.qu.config - Unrecognized configuration key "quarkus.smallrye-health.show-details" was provided; it will be ignored; verify that the dependency extension for this configuration is set or that you did not make a typo
2026-10-07 17:29:43.758 WARN  [,] [Quarkus Main Threadhread] io.qu.config - Unrecognized configuration key "quarkus.kafka.tracing.enabled" was provided; it will be ignored; verify that the dependency extension for this configuration is set or that you did not make a typo
2026-10-07 17:29:43.758 WARN  [,] [Quarkus Main Threadhread] io.qu.config - Unrecognized configuration key "quarkus.smallrye-health.liveness.path" was provided; it will be ignored; verify that the dependency extension for this configuration is set or that you did not make a typo
2026-10-07 17:29:43.758 WARN  [,] [Quarkus Main Threadhread] io.qu.config - Unrecognized configuration key "quarkus.opentelemetry.tracer.sampling-parent-probability" was provided; it will be ignored; verify that the dependency extension for this configuration is set or that you did not make a typo
2026-10-07 17:29:43.758 WARN  [,] [Quarkus Main Threadhread] io.qu.config - Unrecognized configuration key "quarkus.opentelemetry.tracer.exporter.otlp.endpoint" was provided; it will be ignored; verify that the dependency extension for this configuration is set or that you did not make a typo
2026-10-07 17:29:43.759 WARN  [,] [Quarkus Main Threadhread] io.qu.config - Unrecognized configuration key "quarkus.opentelemetry.tracer.sampling-rate" was provided; it will be ignored; verify that the dependency extension for this configuration is set or that you did not make a typo
2026-10-07 17:29:43.759 WARN  [,] [Quarkus Main Threadhread] io.qu.config - Unrecognized configuration key "quarkus.smallrye-health.readiness.path" was provided; it will be ignored; verify that the dependency extension for this configuration is set or that you did not make a typo
2026-10-07 17:29:43.759 WARN  [,] [Quarkus Main Threadhread] io.qu.config - Unrecognized configuration key "quarkus.opentelemetry.tracer.resource-attributes.service.name" was provided; it will be ignored; verify that the dependency extension for this configuration is set or that you did not make a typo
2026-10-07 17:29:44.380 WARN  [,] [Quarkus Main Threadhread] io.qu.config - The "quarkus.hibernate-orm.database.generation" config property is deprecated and should not be used anymore.
2026-10-07 17:29:44.384 WARN  [,] [Quarkus Main Threadhread] io.qu.config - The "quarkus.log.file.enable" config property is deprecated and should not be used anymore.
2026-10-07 17:29:46.235 INFO  [,] [Quarkus Main Threadhread] io.qu.oi.ru.de.ui.OidcDevUiRecorder - OIDC Dev Console: discovering the provider metadata at http://localhost:8180/auth/realms/seguros/.well-known/openid-configuration
2026-10-07 17:29:47.143 INFO  [,] [Quarkus Main Threadhread] io.sm.re.me.kafka - SRMSG18229: Configured topics for channel 'seguros-sinistros-in': [seguros.sinistros.events]
2026-10-07 17:29:47.156 INFO  [,] [Quarkus Main Threadhread] io.sm.re.me.kafka - SRMSG18214: Key deserializer omitted, using String as default
2026-10-07 17:29:47.452 INFO  [,] [smallrye-kafka-producer-thread-0hread] io.sm.re.me.kafka - SRMSG18258: Kafka producer kafka-dead-letter-topic-producer-kafka-consumer-seguros-sinistros-in, connected to Kafka brokers 'localhost:9092', is configured to write records to 'seguros-sinistros-dlq'
2026-10-07 17:29:47.499 INFO  [,] [Quarkus Main Threadhread] io.sm.re.me.kafka - SRMSG18229: Configured topics for channel 'words-in': [words-in]
2026-10-07 17:29:47.502 INFO  [,] [Quarkus Main Threadhread] io.sm.re.me.kafka - SRMSG18214: Key deserializer omitted, using String as default
2026-10-07 17:29:47.531 INFO  [,] [smallrye-kafka-producer-thread-1hread] io.sm.re.me.kafka - SRMSG18258: Kafka producer kafka-producer-seguros-sinistros-out, connected to Kafka brokers 'localhost:9092', is configured to write records to 'seguros.sinistros.events'
2026-10-07 17:29:47.546 INFO  [,] [smallrye-kafka-producer-thread-2hread] io.sm.re.me.kafka - SRMSG18258: Kafka producer kafka-producer-words-out, connected to Kafka brokers 'localhost:9092', is configured to write records to 'words-out'
2026-10-07 17:29:47.582 INFO  [,] [smallrye-kafka-consumer-thread-0hread] io.sm.re.me.kafka - SRMSG18257: Kafka consumer kafka-consumer-seguros-sinistros-in, connected to Kafka brokers 'localhost:9092', belongs to the 'code-with-quarkus' consumer group and is configured to poll records from [seguros.sinistros.events]
2026-10-07 17:29:47.583 INFO  [,] [smallrye-kafka-consumer-thread-1hread] io.sm.re.me.kafka - SRMSG18257: Kafka consumer kafka-consumer-words-in, connected to Kafka brokers 'localhost:9092', belongs to the 'code-with-quarkus' consumer group and is configured to poll records from [words-in]
2026-10-07 17:29:47.686 INFO  [,] [Quarkus Main Threadhread] io.quarkus - code-with-quarkus 1.0.0-SNAPSHOT on JVM (powered by Quarkus 3.35.3) started in 23.341s. Listening on: http://localhost:8080
2026-10-07 17:29:47.687 INFO  [,] [Quarkus Main Threadhread] io.quarkus - Profile dev activated. Live Coding activated.
2026-10-07 17:29:47.687 INFO  [,] [Quarkus Main Threadhread] io.quarkus - Installed features: [agroal, cdi, compose, hibernate-orm, hibernate-orm-panache, hibernate-validator, jdbc-postgresql, kafka-client, kubernetes, langchain4j, langchain4j-oidc-model-auth-provider, messaging, messaging-kafka, micrometer, narayana-jta, oidc, opentelemetry, qute, rest, rest-client, rest-client-jackson, rest-jackson, scheduler, security, smallrye-context-propagation, smallrye-fault-tolerance, smallrye-health, vertx]
2026-10-07 17:30:33.318 WARNING [,] [smallrye-kafka-consumer-thread-1hread] or.ae.re.te.im.AbstractWindowsTerminal - Failed to write out.
2026-10-07 17:30:33.315 INFO  [,] [smallrye-kafka-consumer-thread-1hread] io.sm.re.me.kafka - SRMSG18224: Executing consumer revoked re-balance listener for group 'code-with-quarkus'
2026-10-07 17:30:33.828 WARNING [,] [Shutdown threadhread] or.ae.re.te.im.AbstractWindowsTerminal - Failed to write out.
2026-10-07 17:30:33.827 INFO  [,] [Shutdown threadhread] io.quarkus - code-with-quarkus stopped in 0.637s
